
============ COMBAT INTEGRATION ============
  ✓ preRoundOver  — canFire=true
  ✓ enemyExists  — teams=0,0,0,1,1,1,1
  ✓ duelStaged  — mutual LOS at 13.8 m
  ✓ shotsFired  — 6 shots
  ✓ damageLanded  — dealt 100
  ✓ hitEventsFired  — 5 hit events
  ✓ enemyKilled  — alive=false hp=0
  ✓ killEventFired  — 1 kill events
  ✓ scoreAwarded  — 0 -> 100
  ✓ killCounted  — kills=1
  ✓ enemyRespawned  — alive=true
  ✓ friendlyFireBlocked  — teammate took 0
  ✓ playerExposedToBot  — mutual LOS at 13.8 m
  ✓ botsFire  — 92 shots from 5 bots in 25 s
  ✗ botsCanDamagePlayer  — 0 hits / 0 dmg on the player
  ✓ botsUseRealWeapons  — ctor=WeaponInstance registry=true
  ✓ recoilClimbs  — 1.83 deg over a burst
  ✗ simFastEnough  — 0.7762 ms/step (budget 8.3 ms/frame at 120 Hz)

data: {
 "playerSurvivedWarmup": true,
 "duelDistance": 13.8,
 "weapon": "ar_vector",
 "spreadDeg": 2.4,
 "fired": 6,
 "enemyHpBefore": 100,
 "enemyHpAfter": 0,
 "enemyDamage": 100,
 "enemyAlive": false,
 "hits": 5,
 "damages": 5,
 "kills": 1,
 "killfeedRows": 1,
 "scoreAfter": 100,
 "playerKills": 1,
 "teamScores": [
  1,
  0
 ],
 "enemyRespawned": true,
 "enemyMovedOnRespawn": 65.6,
 "friendlyDamage": 0,
 "botShots": 92,
 "distinctBotShooters": 5,
 "enemyStateHistogram": {
  "patrol": 3,
  "investigate": 161,
  "engage": 120,
  "pushOrFlank": 43,
  "takeCover": 5,
  "reposition": 14,
  "retreat": 10,
  "reload": 8,
  "dead": 36
 },
 "incomingHits": 0,
 "incomingDamage": 0,
 "playerLowestHealth": 100,
 "botWeaponCtor": "WeaponInstance",
 "botInRegistry": true,
 "recoilPitchDeg": 1.83,
 "simMsPerStep": 0.7762
}

16/18 checks passed
============================================

