children: 66 stats: {"drawCalls":66,"triangles":86544,"colliders":938,"buildMs":74.40000000596046}
INST	S	  25	   9900	inst_container|#0
INST	S	  25	   5600	inst_barrel|#0
INST	S	  25	   4800	inst_container|#1
INST	S	 187	   4488	inst_railPost|#0
INST	S	   6	   3888	inst_pallets|tall#0
MESH	S	   1	   3812	static_metal
INST	S	  26	   3744	inst_shutter|#0
INST	S	   8	   3456	inst_palm|#0
INST	S	  19	   2964	inst_crate|#0
MESH	S	   1	   2952	static_concreteDark
MESH	S	   1	   2868	static_plaster
MESH	 	   1	   2688	static_metal
MESH	 	   1	   2616	static_concreteDark
INST	S	  15	   2340	inst_crate|small#0
INST	S	  16	   2112	inst_sandbags|#0
INST	S	   6	   1944	inst_pallets|#0
INST	S	   7	   1736	inst_truck|#3
MESH	S	   1	   1596	static_concrete
INST	S	   7	   1568	inst_tyres|#0
INST	S	  13	   1560	inst_bollard|#0
MESH	 	   1	   1464	static_wood
INST	S	   7	   1372	inst_truck|#0
INST	S	  13	   1248	inst_stall|#0
MESH	S	   1	   1188	static_brick
INST	S	   8	   1152	inst_acUnit|#1
INST	S	   7	   1120	inst_tyres|#1
MESH	S	   1	   1028	static_wood
INST	S	  28	   1008	inst_cloth|#0
INST	S	   8	    864	inst_palm|#1
INST	S	  25	    800	inst_barrel|#1
INST	S	  13	    780	inst_stall|#1
INST	S	  16	    768	inst_jersey|#0
INST	S	  31	    744	inst_sign|#0
INST	S	  11	    704	inst_streetlight|#1
INST	S	   8	    672	inst_acUnit|#0
MESH	 	   1	    492	static_glass
INST	S	   8	    480	inst_palm|#2
INST	S	  11	    440	inst_streetlight|#0
INST	S	  16	    384	inst_jersey|#1
INST	S	   7	    336	inst_truck|#2
INST	S	  13	    312	inst_stall|#2
MESH	 	   1	    264	static_metal
MESH	S	   1	    264	static_sandbag
INST	 	   7	    252	inst_truck|#1
INST	S	   1	    216	inst_crane|#0
INST	S	   8	    192	inst_pillar|3.9#0
MESH	 	   1	    180	static_dirt
INST	S	   5	    180	inst_awning|#1
INST	S	   7	    168	inst_truck|#4
MESH	 	   1	    156	static_concrete
INST	 	  11	    132	inst_streetlight|#2
INST	S	   1	    108	inst_palm|tall#1
MESH	S	   1	     96	static_rubber
INST	S	   8	     96	inst_pillar|3.9#1
INST	S	   5	     60	inst_awning|#0
INST	S	   1	     60	inst_palm|tall#2
MESH	 	   1	     48	static_tile
MESH	S	   1	     48	static_metal
MESH	S	   1	     24	static_dirt
INST	S	   1	     12	inst_crane|#3
MESH	 	   1	      2	Mesh
MESH	 	   1	      2	Mesh
MESH	 	   1	      2	Mesh
MESH	 	   1	      2	Mesh
MESH	 	   1	      2	Mesh
MESH	 	   1	      2	Mesh
total tris 86556 shadow casters 50 estimated draws 116
